// Jest Snapshot v1, https://goo.gl/fbAQLP

exports[`Test to component GifGridItem Should show correct GifGridItem 1`] = `
<div
  className="card animate__animated animate__fadeInRight"
>
  <p>
    Title
  </p>
  <img
    alt="Title"
    src="http://localhost/algo.gif"
  />
</div>
`;
